**********************
Windows PowerShell transcript start
Start time: 20231019162252
Username: ATHARVA-PC\RA ELE
RunAs User: ATHARVA-PC\RA ELE
Configuration Name: 
Machine: ATHARVA-PC (Microsoft Windows NT 10.0.18363.0)
Host Application: C:\WINDOWS\System32\WindowsPowerShell\v1.0\powershell.exe -noexit -command try { . "c:\Users\RA ELE\AppData\Local\Programs\Microsoft VS Code\resources\app\out\vs\workbench\contrib\terminal\browser\media\shellIntegration.ps1" } catch {}
Process ID: 9468
PSVersion: 5.1.18362.1474
PSEdition: Desktop
PSCompatibleVersions: 1.0, 2.0, 3.0, 4.0, 5.0, 5.1.18362.1474
BuildVersion: 10.0.18362.1474
CLRVersion: 4.0.30319.42000
WSManStackVersion: 3.0
PSRemotingProtocolVersion: 2.3
SerializationVersion: 1.1.0.1
**********************
Transcript started, output file is c:\Users\RA ELE\OneDrive\Desktop\Prachi Code\fpc-advanced-classroom-1st-year-assignment-PrachiJagdale05\set01\problem10_session.txt
PS C:\Users\RA ELE\OneDrive\Desktop\Prachi Code\fpc-advanced-classroom-1st-year-assignment-PrachiJagdale05> gcc -g "c:\Users\RA ELE\OneDrive\Desktop\Prachi Code\fpc-advanced-classroom-1st-year-assignment-PrachiJagdale05\set01\problem10.c" -o "c:\Users\RA ELE\OneDrive\Desktop\Prachi Code\fpc-advanced-classroom-1st-year-assignment-PrachiJagdale05\set01\problem10.exe" 2>&1

PS C:\Users\RA ELE\OneDrive\Desktop\Prachi Code\fpc-advanced-classroom-1st-year-assignment-PrachiJagdale05> c:\Users\RA ELE\OneDrive\Desktop\Prachi Code\fpc-advanced-classroom-1st-year-assignment-PrachiJagdale05\set01\problem10.exe
c:\Users\RA : The term 'c:\Users\RA' is not recognized as the name of a cmdlet, function, script file, or operable 
program. Check the spelling of the name, or if a path was included, verify that the path is correct and try again.
At line:1 char:1
+ c:\Users\RA ELE\OneDrive\Desktop\Prachi Code\fpc-advanced-classroom-1 ...
+ ~~~~~~~~~~~
    + CategoryInfo          : ObjectNotFound: (c:\Users\RA:String) [], CommandNotFoundException
    + FullyQualifiedErrorId : CommandNotFoundException
c:\Users\RA : The term 'c:\Users\RA' is not recognized as the name of a cmdlet, function, script file, or operable program. Check the spelling of the name, or
if a path was included, verify that the path is correct and try again.
At line:1 char:1
+ c:\Users\RA ELE\OneDrive\Desktop\Prachi Code\fpc-advanced-classroom-1 ...
+ ~~~~~~~~~~~
    + CategoryInfo          : ObjectNotFound: (c:\Users\RA:String) [], CommandNotFoundException
    + FullyQualifiedErrorId : CommandNotFoundException

PS C:\Users\RA ELE\OneDrive\Desktop\Prachi Code\fpc-advanced-classroom-1st-year-assignment-PrachiJagdale05> git add .

PS C:\Users\RA ELE\OneDrive\Desktop\Prachi Code\fpc-advanced-classroom-1st-year-assignment-PrachiJagdale05> git commit -m "committed 10/19/2023, 4:23:17 PM"

PS C:\Users\RA ELE\OneDrive\Desktop\Prachi Code\fpc-advanced-classroom-1st-year-assignment-PrachiJagdale05> git push

PS C:\Users\RA ELE\OneDrive\Desktop\Prachi Code\fpc-advanced-classroom-1st-year-assignment-PrachiJagdale05> Stop-Transcript
**********************
Windows PowerShell transcript end
End time: 20231019162323
**********************
